// Jest Snapshot v1, https://goo.gl/fbAQLP

exports[`getArticles Saga should call the error action if the response errors 1`] = `
Object {
  "@@redux-saga/IO": true,
  "CALL": Object {
    "args": Array [
      "https://jsonplaceholder.typicode.com/posts",
    ],
    "context": null,
    "fn": [Function],
  },
}
`;

exports[`getArticles Saga should call the error action if the response errors 2`] = `
Object {
  "@@redux-saga/IO": true,
  "PUT": Object {
    "action": Object {
      "payload": Object {
        "articles": undefined,
      },
      "type": "boilerplate/Articles/LOAD_ARTICLES_SUCCESS",
    },
    "channel": null,
  },
}
`;
